\BOOKMARK [1][-]{section.1}{Contact}{}% 1
\BOOKMARK [2][-]{subsection.1.1}{Name}{section.1}% 2
\BOOKMARK [2][-]{subsection.1.2}{Location}{section.1}% 3
\BOOKMARK [2][-]{subsection.1.3}{Mobile}{section.1}% 4
\BOOKMARK [2][-]{subsection.1.4}{E-mail}{section.1}% 5
\BOOKMARK [1][-]{section.2}{Skillset}{}% 6
\BOOKMARK [2][-]{subsection.2.1}{Languages}{section.2}% 7
\BOOKMARK [2][-]{subsection.2.2}{Database Experience}{section.2}% 8
\BOOKMARK [2][-]{subsection.2.3}{Platform Experience}{section.2}% 9
\BOOKMARK [2][-]{subsection.2.4}{Other Abilities / Tools}{section.2}% 10
\BOOKMARK [1][-]{section.3}{People I've Worked With}{}% 11
\BOOKMARK [2][-]{subsection.3.1}{11/2017 - 7/2020}{section.3}% 12
\BOOKMARK [2][-]{subsection.3.2}{05/2017 - 08/2017}{section.3}% 13
\BOOKMARK [2][-]{subsection.3.3}{02/2012 - 01/2017}{section.3}% 14
\BOOKMARK [2][-]{subsection.3.4}{08/2011 - 02/2012}{section.3}% 15
\BOOKMARK [2][-]{subsection.3.5}{01/2011 - 06/2011}{section.3}% 16
\BOOKMARK [2][-]{subsection.3.6}{08/2008 - 11/2010}{section.3}% 17
\BOOKMARK [2][-]{subsection.3.7}{08/2007 - 08/2008}{section.3}% 18
\BOOKMARK [1][-]{section.4}{Project Highlights}{}% 19
\BOOKMARK [2][-]{subsection.4.1}{LMS: API Gateway}{section.4}% 20
\BOOKMARK [2][-]{subsection.4.2}{LMS: Block Scheduler}{section.4}% 21
\BOOKMARK [2][-]{subsection.4.3}{Predictive Analytics}{section.4}% 22
\BOOKMARK [2][-]{subsection.4.4}{Member Shopping SPA}{section.4}% 23
\BOOKMARK [2][-]{subsection.4.5}{Signup Process}{section.4}% 24
\BOOKMARK [1][-]{section.5}{Education}{}% 25
\BOOKMARK [2][-]{subsection.5.1}{08/2001 - 12/2002}{section.5}% 26
\BOOKMARK [2][-]{subsection.5.2}{08/2005 - 12/2005}{section.5}% 27
\BOOKMARK [1][-]{section.6}{Interests}{}% 28
\BOOKMARK [2][-]{subsection.6.1}{Professional}{section.6}% 29
\BOOKMARK [2][-]{subsection.6.2}{Other}{section.6}% 30
