\BOOKMARK [1][-]{section.1}{Contact}{}% 1
\BOOKMARK [2][-]{subsection.1.1}{Location}{section.1}% 2
\BOOKMARK [2][-]{subsection.1.2}{Mobile}{section.1}% 3
\BOOKMARK [2][-]{subsection.1.3}{E-mail}{section.1}% 4
\BOOKMARK [1][-]{section.2}{Skillset}{}% 5
\BOOKMARK [2][-]{subsection.2.1}{Languages}{section.2}% 6
\BOOKMARK [2][-]{subsection.2.2}{Database Experience}{section.2}% 7
\BOOKMARK [2][-]{subsection.2.3}{Platform Experience}{section.2}% 8
\BOOKMARK [2][-]{subsection.2.4}{Other Abilities / Tools}{section.2}% 9
\BOOKMARK [1][-]{section.3}{Experience}{}% 10
\BOOKMARK [2][-]{subsection.3.1}{10/2020 - present}{section.3}% 11
\BOOKMARK [2][-]{subsection.3.2}{11/2017 - 7/2020}{section.3}% 12
\BOOKMARK [2][-]{subsection.3.3}{05/2017 - 08/2017}{section.3}% 13
\BOOKMARK [2][-]{subsection.3.4}{02/2012 - 01/2017}{section.3}% 14
\BOOKMARK [2][-]{subsection.3.5}{08/2011 - 02/2012}{section.3}% 15
\BOOKMARK [2][-]{subsection.3.6}{01/2011 - 06/2011}{section.3}% 16
\BOOKMARK [2][-]{subsection.3.7}{08/2008 - 11/2010}{section.3}% 17
\BOOKMARK [1][-]{section.4}{Education}{}% 18
\BOOKMARK [2][-]{subsection.4.1}{08/2001 - 12/2002}{section.4}% 19
\BOOKMARK [2][-]{subsection.4.2}{08/2005 - 12/2005}{section.4}% 20
\BOOKMARK [1][-]{section.5}{Interests}{}% 21
\BOOKMARK [2][-]{subsection.5.1}{Professional}{section.5}% 22
\BOOKMARK [2][-]{subsection.5.2}{Other}{section.5}% 23
